// Vitest Snapshot v1, https://vitest.dev/guide/snapshot.html

exports[`renders correctly 1`] = `
<DocumentFragment>
  <button>
    Add Post
  </button>
  <article
    class="Container"
  >
    <p
      class="Date"
    >
      23.08.2019
    </p>
    <h1>
      One
    </h1>
    <p>
      Lorem ipsum
    </p>
  </article>
  <article
    class="Container"
  >
    <p
      class="Date"
    >
      22.09.2019
    </p>
    <h1>
      Second Post
    </h1>
    <p>
      Some more content
    </p>
  </article>
</DocumentFragment>
`;
