// Vitest Snapshot v1, https://vitest.dev/guide/snapshot.html

exports[`renders correctly 1`] = `
<DocumentFragment>
  <div>
    <article
      class="Container"
    >
      <p
        class="Date"
      >
        08/23/2019
      </p>
      <h1>
        One
      </h1>
      <p>
        Lorem ipsum
      </p>
      <div
        class="Tags"
      >
        <span
          class="Tag"
        >
          Dummy
        </span>
        <span
          class="Tag"
        >
          Content
        </span>
      </div>
    </article>
    <article
      class="Container"
    >
      <p
        class="Date"
      >
        09/22/2019
      </p>
      <h1>
        Second Post
      </h1>
      <p>
        Some more content
      </p>
      <div
        class="Tags"
      />
    </article>
  </div>
</DocumentFragment>
`;
